[aprand.000webhostapp.com/index.html]
[backblue.gif]
[fade.gif]
[index.html]
[aprand.000webhostapp.com/css/bootstrap.min.css]
[aprand.000webhostapp.com/css/main.css]
[aprand.000webhostapp.com/index-2.html]
[aprand.000webhostapp.com/arrays.html]
[aprand.000webhostapp.com/queues.html]
[aprand.000webhostapp.com/stacks.html]
[aprand.000webhostapp.com/linkedlists.html]
[aprand.000webhostapp.com/priorityqueues.html]
[aprand.000webhostapp.com/mergesort.html]
[aprand.000webhostapp.com/quickSort.html]
[aprand.000webhostapp.com/bubblesort.html]
[aprand.000webhostapp.com/insertionSort.html]
[aprand.000webhostapp.com/selectionSort.html]
[aprand.000webhostapp.com/binarySearch.html]
[aprand.000webhostapp.com/linearSearch.html]
[aprand.000webhostapp.com/pascals.html]
[aprand.000webhostapp.com/index.html]
[aprand.000webhostapp.com/js/jquery.min.js]
[aprand.000webhostapp.com/js/bootstrap.min.js]
[aprand.000webhostapp.com/fonts/glyphicons-halflings-regular.12.delayed]
[aprand.000webhostapp.com/fonts/glyphicons-halflings-regular.ttf]
[aprand.000webhostapp.com/fonts/glyphicons-halflings-regular.svg]
[aprand.000webhostapp.com/css/bootstrap.min.css]
[aprand.000webhostapp.com/css/main.css]
[aprand.000webhostapp.com/index-2.html]
[aprand.000webhostapp.com/arrays.html]
[aprand.000webhostapp.com/queues.html]
[aprand.000webhostapp.com/images/queue_example.jpg]
[aprand.000webhostapp.com/stacks.html]
[aprand.000webhostapp.com/linkedlists.html]
[aprand.000webhostapp.com/priorityqueues.html]
[aprand.000webhostapp.com/mergesort.html]
[aprand.000webhostapp.com/quickSort.html]
[aprand.000webhostapp.com/bubblesort.html]
[aprand.000webhostapp.com/insertionSort.html]
[aprand.000webhostapp.com/selectionSort.html]
[aprand.000webhostapp.com/binarySearch.html]
[aprand.000webhostapp.com/images/stack_example.jpg]
[aprand.000webhostapp.com/linearSearch.html]
[aprand.000webhostapp.com/images/linear_search.gif]
[aprand.000webhostapp.com/pascals.html]
[aprand.000webhostapp.com/fonts/glyphicons-halflings-regular.html]
[aprand.000webhostapp.com/fonts/glyphicons-halflings-regular-2.html]
[aprand.000webhostapp.com/fonts/glyphicons-halflings-regular-3.html]
[aprand.000webhostapp.com/images/pascals_equation.jpg]
[aprand.000webhostapp.com/fonts/glyphicons-halflings-regulard41d.eot]
[aprand.000webhostapp.com/fonts/glyphicons-halflings-regulard41d.eot]
[aprand.000webhostapp.com/fonts/glyphicons-halflings-regular.woff]
[aprand.000webhostapp.com/fonts/glyphicons-halflings-regular.woff]
